RAM Allocation [bytes]
Variable                                                                          Address   Size
------------------------------------------------------------------------------------------------
_base_y                                                                           0x017B       4

EEPROM Allocation [bytes]
Variable                                                                          Address   Size
------------------------------------------------------------------------------------------------

Register Allocation
Variable                                                                          Register  Size
------------------------------------------------------------------------------------------------
PAUSE_TIME_AFTER_DISCARD_SECONDS                                                  R4,R5        2
is_on                                                                             R2.0      1bit
alarm_triggered                                                                   R2.1      1bit
is_silent_mode                                                                    R2.2      1bit
is_remote_locked                                                                  R2.3      1bit
_lcd_x                                                                            R7           1
_lcd_y                                                                            R6           1
_lcd_maxx                                                                         R9           1

FLASH Allocation [words]
Function                                                                          Address   Size
------------------------------------------------------------------------------------------------
temporarily_pause_sensor                                                          0x0007E     21
handle_remote_action                                                              0x00093     25
exit_silent_mode                                                                  0x000AC     11
read_keypad                                                                       0x000B7     73
handle_keypad_action                                                              0x00100     33
lcd_render_guide                                                                  0x00121     34
trigger_alarm                                                                     0x00143      9
main                                                                              0x0014C    124
_lcd_delay_G100                                                                   0x001C8      4
_lcd_ready                                                                        0x001CC     17
_lcd_write_nibble_G100                                                            0x001DD     10
_lcd_write_data                                                                   0x001E7     15
_lcd_read_nibble_G100                                                             0x001F6      9
lcd_read_byte0_G100                                                               0x001FF      9
lcd_gotoxy                                                                        0x00208     16
lcd_clear                                                                         0x00218     19
lcd_putchar                                                                       0x0022B     26
lcd_puts                                                                          0x00245     17
_long_delay_G100                                                                  0x00256      5
_lcd_init_write_G100                                                              0x0025B     12
lcd_init                                                                          0x00267     45
